// Jest Snapshot v1, https://goo.gl/fbAQLP

exports[`renders correctly 1`] = `
<View
  style={
    Object {
      "top": 50,
    }
  }
>
  <View>
    <View
      style={
        Object {
          "alignItems": "center",
          "backgroundColor": "#ecf0f1",
          "flex": 1,
          "justifyContent": "center",
          "paddingTop": 120,
        }
      }
    >
      <Image
        resizeMode="cover"
        source={
          Object {
            "uri": "http://www.irishtreesociety.com/wp-content/uploads/irish-tree-society-feature.jpg",
          }
        }
        style={
          Object {
            "borderRadius": 150,
            "height": 150,
            "width": 150,
          }
        }
      />
      <Text
        style={
          Object {
            "color": "red",
          }
        }
      >
         
         
      </Text>
      <Text
        style={Object {}}
      >
         
         
      </Text>
    </View>
    <View
      stlyes={
        Object {
          "flex": 1,
          "flexDirection": "row",
        }
      }
    >
      <View
        style={
          Object {
            "flex": 1,
            "flexDirection": "row",
            "justifyContent": "flex-start",
          }
        }
      >
        <View
          accessible={true}
          isTVSelectable={true}
          onResponderGrant={[Function]}
          onResponderMove={[Function]}
          onResponderRelease={[Function]}
          onResponderTerminate={[Function]}
          onResponderTerminationRequest={[Function]}
          onStartShouldSetResponder={[Function]}
          style={null}
        >
          <Image
            resizeMode="stretch"
            source={1}
            style={
              Object {
                "borderRadius": 60,
                "height": 80,
                "justifyContent": "flex-start",
                "width": 80,
              }
            }
          />
        </View>
        <Text>
           
          0
           
        </Text>
      </View>
      <View
        style={
          Object {
            "flex": 1,
            "flexDirection": "row",
            "justifyContent": "flex-end",
          }
        }
      >
        <View
          accessible={true}
          isTVSelectable={true}
          onResponderGrant={[Function]}
          onResponderMove={[Function]}
          onResponderRelease={[Function]}
          onResponderTerminate={[Function]}
          onResponderTerminationRequest={[Function]}
          onStartShouldSetResponder={[Function]}
          style={null}
        >
          <Image
            resizeMode="stretch"
            source={1}
            style={
              Object {
                "borderRadius": 60,
                "height": 80,
                "width": 80,
              }
            }
          />
        </View>
        <Text>
           
          0
           
        </Text>
      </View>
    </View>
  </View>
</View>
`;
